
> clash-arena-upgraded@1.0.0 build
> vite build

[36mvite v5.4.21 [32mbuilding for production...[36m[39m
transforming...
[32mÔ£ô[39m 3 modules transformed.
node.exe : [31mx[39m Build failed in 145ms
At C:\Program Files\nodejs\npm.ps1:29 char:3
+   & $NODE_EXE $NPM_CLI_JS $args
+   ~~~~~~~~~~~~~~~~~~~~~~~~~~~~~
    + CategoryInfo          : NotSpecified: ([31mx[39m Build failed in 145ms:String) [], Remote 
   Exception
    + FullyQualifiedErrorId : NativeCommandError
 
[31merror during build:
[31m[@tailwindcss/vite:generate:build] Can't resolve 'tailwindcss' in 
'C:\Users\Hii\Downloads\clash-of-coders\src'[31m
file: [36mC:/Users/Hii/Downloads/clash-of-coders/src/index.css[31m
    at finishWithoutResolve 
(C:\Users\Hii\Downloads\clash-of-coders\node_modules\enhanced-resolve\lib\Resolver.js:943:18)
    at 
C:\Users\Hii\Downloads\clash-of-coders\node_modules\enhanced-resolve\lib\Resolver.js:1035:14
    at C:\Users\Hii\Downloads\clash-of-coders\node_modules\enhanced-resolve\lib\Resolver.js:1112:5
    at eval (eval at create 
(C:\Users\Hii\Downloads\clash-of-coders\node_modules\tapable\lib\HookCodeFactory.js:31:10), 
<anonymous>:15:1)
    at C:\Users\Hii\Downloads\clash-of-coders\node_modules\enhanced-resolve\lib\Resolver.js:1112:5
    at eval (eval at create 
(C:\Users\Hii\Downloads\clash-of-coders\node_modules\tapable\lib\HookCodeFactory.js:31:10), 
<anonymous>:27:1)
    at C:\Users\Hii\Downloads\clash-of-coders\node_modules\enhanced-resolve\lib\DescriptionFilePlu
gin.js:94:43
    at C:\Users\Hii\Downloads\clash-of-coders\node_modules\enhanced-resolve\lib\Resolver.js:1112:5
    at eval (eval at create 
(C:\Users\Hii\Downloads\clash-of-coders\node_modules\tapable\lib\HookCodeFactory.js:31:10), 
<anonymous>:15:1)
    at 
C:\Users\Hii\Downloads\clash-of-coders\node_modules\enhanced-resolve\lib\Resolver.js:1112:5[39m
